Scope: all 4 workspace projects
..                                       | Progress: resolved 1, reused 0, downloaded 0, added 0
..                                       |    +1145 ++++++++++++++++++++++++++++
..                                       | Progress: resolved 1145, reused 1110, downloaded 0, added 459
..                                       | Progress: resolved 1145, reused 1110, downloaded 0, added 857
..                                       | Progress: resolved 1145, reused 1110, downloaded 0, added 1145, done

dependencies:
+ @dnd-kit/core 6.3.1
+ @dnd-kit/sortable 10.0.0
+ @dnd-kit/utilities 3.2.2
+ @emoji-mart/data 1.2.1
+ @emoji-mart/react 1.1.1
+ @fontsource-variable/inter 5.3.0
+ @mediapipe/tasks-vision 0.10.35
+ @radix-ui/react-alert-dialog 1.1.23
+ @radix-ui/react-avatar 1.2.6
+ @radix-ui/react-checkbox 1.3.11
+ @radix-ui/react-context-menu 2.3.7
+ @radix-ui/react-dialog 1.1.23
+ @radix-ui/react-dropdown-menu 2.1.24
+ @radix-ui/react-focus-scope 1.1.16
+ @radix-ui/react-popover 1.1.23
+ @radix-ui/react-separator 1.1.15
+ @radix-ui/react-slot 1.3.3
+ @radix-ui/react-switch 1.3.7
+ @radix-ui/react-tabs 1.1.21
+ @radix-ui/react-toggle 1.1.18
+ @radix-ui/react-tooltip 1.2.16
+ @tanstack/react-query 5.101.4
+ @tanstack/react-router 1.170.18
+ @tanstack/react-virtual 3.14.9
+ @tauri-apps/api 2.11.1
+ @tauri-apps/plugin-notification 2.3.3
+ @tauri-apps/plugin-opener 2.5.4
+ @tauri-apps/plugin-process 2.3.1
+ @tauri-apps/plugin-updater 2.10.1
+ @tiptap/core 3.29.2
+ @tiptap/extension-link 3.29.2
+ @tiptap/extension-placeholder 3.29.2
+ @tiptap/pm 3.29.2
+ @tiptap/react 3.29.2
+ @tiptap/starter-kit 3.29.2
+ @toon-protocol/arweave 0.2.0
+ @toon-protocol/client 0.28.0
+ @toon-protocol/core 3.1.4
+ class-variance-authority 0.7.1
+ clsx 2.1.1
+ embla-carousel-react 8.6.0
+ emoji-mart 5.6.0
+ jdenticon 3.3.0
+ lucide-react 1.28.0
+ motion 12.43.0
+ qrcode 1.5.4
+ qrcode.react 4.2.0
+ react 19.2.8
+ react-diff-view 3.3.3
+ react-dom 19.2.8
+ react-markdown 10.1.0
+ remark-breaks 4.0.0
+ remark-gfm 4.0.1
+ shiki 4.4.1
+ sonner 2.0.7
+ tailwind-merge 3.6.0
+ tiptap-markdown 0.9.0
+ upng-js 2.1.0
+ virtua 0.49.3
+ yaml 2.9.0
+ zod 4.4.3

devDependencies:
+ @noble/hashes 2.2.0
+ @playwright/test 1.62.1
+ @tailwindcss/postcss 4.3.3
+ @tanstack/router-plugin 1.168.23
+ @tanstack/virtual-file-routes 1.162.0
+ @tauri-apps/cli 2.11.4
+ @types/react 19.2.18
+ @types/react-dom 19.2.4
+ @vitejs/plugin-react 6.0.5
+ nostr-tools 2.24.1
+ postcss 8.5.25
+ tailwindcss 4.3.3
+ tw-animate-css 1.4.0
+ typescript 6.0.3
+ vite 8.2.0

Done in 3.8s using pnpm v11.4.0
